// Jest Snapshot v1, https://goo.gl/fbAQLP

exports[`Home Render should renders the home page 1`] = `
<div>
  <main
    class="main"
  >
    <div
      style="display: flex; flex-direction: row;"
    >
      <button
        class="mx-5 px-2 bg-gray-500"
      >
        New Random Todo
      </button>
      <button
        class="mx-5 px-2 bg-gray-500"
      >
        New Todo
      </button>
    </div>
    <div
      style="display: flex; flex-direction: row; margin-top: 5px;"
    >
      Sort deadline :
      <button
        class="mx-5 px-2 bg-gray-500"
      >
        Tightest to Loosest
      </button>
    </div>
    <div
      style="display: flex; flex-direction: row;"
    >
      <input
        checked=""
        class="mx-1  ml-8 px-2 bg-gray-500"
        type="checkbox"
      />
      In Progress
      <input
        class="mx-1 ml-8 px-2 bg-gray-500"
        type="checkbox"
      />
      Done
    </div>
    <div
      style="padding-top: 20px;"
    >
      <div
        class="container inline-flex justify-center"
      >
        <ul
          class="inline-flex mt-2"
        >
          <li>
            <a
              class="bg-white border border-gray-300 cursor-pointer text-gray-500 hover:bg-gray-100 hover:text-gray-700 ml-0 rounded-l-lg leading-tight py-2 px-3 dark:bg-gray-800 dark:border-gray-700 dark:text-gray-400 dark:hover:bg-gray-700 dark:hover:text-white"
            >
              Prev
            </a>
          </li>
          <li>
            <a
              class="bg-white border cursor-pointer border-gray-300 text-gray-500 hover:bg-gray-100 hover:text-gray-700 rounded-r-lg leading-tight py-2 px-3 dark:bg-gray-800 dark:border-gray-700 dark:text-gray-400 dark:hover:bg-gray-700 dark:hover:text-white"
            >
              Next
            </a>
          </li>
        </ul>
      </div>
    </div>
  </main>
</div>
`;
